php : PHP Warning:  Version 
warning: Imagick was 
compiled against 
ImageMagick version 1808 
but version 1810 is loaded. 
Imagick will run but may 
behave surprisingly in 
Unknown on line 0
En línea: 1 Carácter: 1
+ php artisan test tests/Fea
ture/ReferenciaSearchTest.ph
p > test_output ...
+ ~~~~~~~~~~~~~~~~~~~~~~~~~~
~~~~~~~~~~~~~~~~~~~~~~~~~~~~
~~~~~~~~~~~~~~~
    + CategoryInfo          
    : NotSpecified: (PHP W  
  arning:  V...known on l   
 ine 0:String) [], Remot    
eException
    + FullyQualifiedErrorId 
    : NativeCommandError
 

Warning: Version warning: Imagick was compiled against ImageMagick version 1808 but version 1810 is loaded. Imagick will run but may behave surprisingly in Unknown on line 0

Warning: Version warning: Imagick was compiled against ImageMagick version 1808 but version 1810 is loaded. Imagick will run but may behave surprisingly in Unknown on line 0
PHP Warning:  Version warning: Imagick was compiled against ImageMagick version 1808 but version 1810 is loaded. Imagick will run but may behave surprisingly in Unknown on line 0

   FAIL  Tests\Feature\ReferenciaSearchTest
  Ô¿» superadmin can aÔÇª 0.61s  
  Ô¿» local user onlyÔÇª  0.04s  
  Ô¿» admin only seesÔÇª  0.03s  
  ÔöÇÔöÇÔöÇÔöÇÔöÇÔöÇÔöÇÔöÇÔöÇÔöÇÔöÇÔöÇÔöÇÔöÇÔöÇÔöÇÔöÇÔöÇÔöÇÔöÇÔöÇÔöÇÔöÇÔöÇÔöÇ  
   FAILEDÔÇª  QueryException   
  SQLSTATE[23000]: Integrity constraint violation: 19 NOT NULL constraint failed: users.username (Connection: sqlite, Database: :memory:, SQL: insert into "users" ("name", "email", "email_verified_at", "password", "remember_token", "updated_at", "created_at") values (Dr. Chester Gottlieb II, vkirlin@example.net, 2026-04-17 21:33:04, $2y$04$L/r6lf/YNTo0KDF31NnCpuCwwBIDGOqZytb4FeXBcovZBEzZldac2, EtRqK1iqq2, 2026-04-17 21:33:04, 2026-04-17 21:33:04))

  at vendor\laravel\framework\src\Illuminate\Database\Connection.php:584
    580Ôûò             $this->bindValues($statement, $this->prepareBindings($bindings));
    581Ôûò 
    582Ôûò             $this->recordsHaveBeenModified();
    583Ôûò 
  Ô×£ 584Ôûò             return $statement->execute();
    585Ôûò         });
    586Ôûò     }
    587Ôûò 
    588Ôûò     /**

  1   vendor\laravel\framework\src\Illuminate\Database\Connection.php:584
  2   vendor\laravel\framework\src\Illuminate\Database\Connection.php:827

  ÔöÇÔöÇÔöÇÔöÇÔöÇÔöÇÔöÇÔöÇÔöÇÔöÇÔöÇÔöÇÔöÇÔöÇÔöÇÔöÇÔöÇÔöÇÔöÇÔöÇÔöÇÔöÇÔöÇÔöÇÔöÇ  
   FAILEDÔÇª  QueryException   
  SQLSTATE[23000]: Integrity constraint violation: 19 FOREIGN KEY constraint failed (Connection: sqlite, Database: :memory:, SQL: insert into "referencias" ("codigo", "marca_id", "descripcion", "categoria_id", "cuenta_id", "updated_at", "created_at") values (REF001, 1, Desc 1, 1, 1, 2026-04-17 21:33:04, 2026-04-17 21:33:04))

  at vendor\laravel\framework\src\Illuminate\Database\Connection.php:584
    580Ôûò             $this->bindValues($statement, $this->prepareBindings($bindings));
    581Ôûò 
    582Ôûò             $this->recordsHaveBeenModified();
    583Ôûò 
  Ô×£ 584Ôûò             return $statement->execute();
    585Ôûò         });
    586Ôûò     }
    587Ôûò 
    588Ôûò     /**

  1   vendor\laravel\framework\src\Illuminate\Database\Connection.php:584
  2   vendor\laravel\framework\src\Illuminate\Database\Connection.php:827

  ÔöÇÔöÇÔöÇÔöÇÔöÇÔöÇÔöÇÔöÇÔöÇÔöÇÔöÇÔöÇÔöÇÔöÇÔöÇÔöÇÔöÇÔöÇÔöÇÔöÇÔöÇÔöÇÔöÇÔöÇÔöÇ  
   FAILEDÔÇª  QueryException   
  SQLSTATE[23000]: Integrity constraint violation: 19 FOREIGN KEY constraint failed (Connection: sqlite, Database: :memory:, SQL: insert into "referencias" ("codigo", "marca_id", "categoria_id", "cuenta_id", "updated_at", "created_at") values (R1, 1, 1, 1, 2026-04-17 21:33:04, 2026-04-17 21:33:04))

  at vendor\laravel\framework\src\Illuminate\Database\Connection.php:584
    580Ôûò             $this->bindValues($statement, $this->prepareBindings($bindings));
    581Ôûò 
    582Ôûò             $this->recordsHaveBeenModified();
    583Ôûò 
  Ô×£ 584Ôûò             return $statement->execute();
    585Ôûò         });
    586Ôûò     }
    587Ôûò 
    588Ôûò     /**

  1   vendor\laravel\framework\src\Illuminate\Database\Connection.php:584
  2   vendor\laravel\framework\src\Illuminate\Database\Connection.php:827


  Tests:    3 failed (0 assertions)
  Duration: 0.87s

